

Mon Aug 26 13:11:24 2019
Command line: TestDisk

TestDisk 7.0, Data Recovery Utility, April 2015
Christophe GRENIER <grenier@cgsecurity.org>
http://www.cgsecurity.org
OS: Linux, kernel 4.15.0-58-generic (#64~16.04.1-Ubuntu SMP Wed Aug 7 14:10:35 UTC 2019) x86_64
Compiler: GCC 5.4
Compilation date: 2017-05-09T23:43:12
ext2fs lib: none, ntfs lib: none, reiserfs lib: none, ewf lib: 20140608, curses lib: ncurses 6.0
/dev/sdb: LBA, HPA, LBA48, DCO support
/dev/sdb: size       1000215216 sectors
/dev/sdb: user_max   1000215216 sectors
/dev/sdb: native_max 1000215216 sectors
/dev/sdc: LBA, HPA, LBA48, DCO support
/dev/sdc: size       500118192 sectors
/dev/sdc: user_max   500118192 sectors
/dev/sdc: native_max 500118192 sectors
Warning: can't get size for Disk /dev/mapper/control - 0 B - 0 sectors, sector size=512
Hard disk list
Disk /dev/sda - 7999 GB / 7450 GiB - CHS 7629376 64 32, sector size=512 - Areca RAID#1, FW:R001
Disk /dev/sdb - 512 GB / 476 GiB - CHS 62260 255 63, sector size=512 - Samsung SSD 850 PRO 512GB, S/N:S39FNX0J205894B, FW:EXM03B6Q
Disk /dev/sdc - 256 GB / 238 GiB - CHS 31130 255 63, sector size=512 - Samsung SSD 850 PRO 256GB, S/N:S251NX0H920621B, FW:EXM02B6Q
Disk /dev/sde - 2000 GB / 1862 GiB - CHS 243197 255 63, sector size=512 - WD My Passport 259D, FW:1005

Partition table type (auto): EFI GPT
Disk /dev/sda - 7999 GB / 7450 GiB - Areca RAID#1
Partition table type: EFI GPT

Interface Advanced
hdr_size=92
hdr_lba_self=1
hdr_lba_alt=15624962047 (expected 15624962047)
hdr_lba_start=34
hdr_lba_end=15624962014
hdr_lba_table=2
hdr_entries=128
hdr_entsz=128
 1 P Unknown                     2048 15624962014 15624959967 [ ]
gpt_change_part_type
Change partition type:
 1 P Linux LVM                   2048 15624962014 15624959967 [ ]
Change partition type:
 1 P ext4                        2048 15624962014 15624959967 [ ]

 1 P Linux LVM                   2048 15624962014 15624959967 [ ]
Support for this filesystem hasn't been enable during compilation.
gpt_change_part_type
Change partition type:
 1 P Linux Raid                  2048 15624962014 15624959967 [ ]
Change partition type:
 1 P ext4                        2048 15624962014 15624959967 [ ]

 1 P Linux Raid                  2048 15624962014 15624959967 [ ]
Support for this filesystem hasn't been enable during compilation.
gpt_change_part_type
Change partition type:
 1 P Linux Reserved              2048 15624962014 15624959967 [ ]
Change partition type:
 1 P ext4                        2048 15624962014 15624959967 [ ]

 1 P Linux Reserved              2048 15624962014 15624959967 [ ]
Support for this filesystem hasn't been enable during compilation.

 1 P Linux Reserved              2048 15624962014 15624959967 [ ]
Support for this filesystem hasn't been enable during compilation.
gpt_change_part_type
Change partition type:
 1 P EFI System                  2048 15624962014 15624959967 [ ]
Change partition type:
 1 P ext4                        2048 15624962014 15624959967 [ ]

 1 P EFI System                  2048 15624962014 15624959967 [ ]
Support for this filesystem hasn't been enable during compilation.
gpt_change_part_type
Change partition type:
 1 P EFI System                  2048 15624962014 15624959967 [ ]
Change partition type:
 1 P ext3                        2048 15624962014 15624959967 [ ]

 1 P EFI System                  2048 15624962014 15624959967 [ ]
Support for this filesystem hasn't been enable during compilation.

TestDisk exited normally.
